<html>
<body>
<pre>
<h1>礦ision Build Log</h1>
<h2>Project:</h2>
X:\~cp产品电路+PCB\1.生产中板子\1.Core-Board\STM32F030F4P6最小系统\stm32f030设计图-AD\stm32f030资料\代码\LED\Proj\LED.uvproj
Project File Date:  03/23/2014

<h2>Output:</h2>
Build target 'Target 1'
compiling main.c...
compiling stm32f0xx_gpio.c...
compiling stm32f0xx_rcc.c...
compiling led.c...
compiling delay.c...
compiling system_stm32f0xx.c...
linking...
Program Size: Code=3472 RO-data=208 RW-data=40 ZI-data=1632  
"LED.axf" - 0 Error(s), 0 Warning(s).
Build target 'Target 1'
compiling main.c...
compiling delay.c...
linking...
Program Size: Code=3472 RO-data=208 RW-data=40 ZI-data=1632  
"LED.axf" - 0 Error(s), 0 Warning(s).
Build target 'Target 1'
linking...
Program Size: Code=3472 RO-data=208 RW-data=40 ZI-data=1632  
"LED.axf" - 0 Error(s), 0 Warning(s).
