<html>
<body>
<pre>
<h1>µVision Build Log</h1>
<h2>Project:</h2>
E:\Programing\stm32_test\stm32f03xx\16_16µãÕó(ÐÄÐÎ)\Proj\LED.uvproj
Project File Date:  05/05/2015

<h2>Output:</h2>
Build target 'Target 1'
compiling matrix.c...
linking...
Program Size: Code=4436 RO-data=208 RW-data=104 ZI-data=1632  
FromELF: creating hex file...
".\LED.axf" - 0 Error(s), 0 Warning(s).
</pre>
</body>
</html>
D.axf" - 0 Error(s), 0 Warning(s).
x.h(19): warning:  #1295-D: Deprecated declaration Matrix_Init - give arg types
  extern void Matrix_Init();
..\My_Lib\LED\led.c: 1 warning, 0 errors
compiling delay.c...
..\My_Lib\matrix\matrix.h(19): warning:  #1295-D: Deprecated declaration Matrix_Init - give arg types
  extern void Matrix_Init();
..\My_Lib\delay\delay.c: 1 warning, 0 errors
compiling matrix.c...
..\My_Lib\matrix\matrix.h(19): warning:  #1295-D: Deprecated declaration Matrix_Init - give arg types
  extern void Matrix_Init();
..\My_Lib\matrix\matrix.c: 1 warning, 0 errors
linking...
Program Size: Code=4436 RO-data=208 RW-data=72 ZI-data=1632  
FromELF: creating hex file...
".\LED.axf" - 0 Error(s), 4 Warning(s).
: 1 information, 0 warning and 1 error messages.
".\LED.axf" - 1 Error(s), 4 Warning(s).
Target not created
rix\matrix.h(19): warning:  #1295-D: Deprecated declaration Matrix_Init - give arg types
  extern void Matrix_Init();
..\My_Lib\matrix\matrix.h(22): warning:  #1295-D: Deprecated declaration Matrix_Scan_Key - give arg types
  extern void Matrix_Scan_Key();
..\My_Lib\matrix\matrix.c(167): warning:  #177-D: variable "j" was declared but never referenced
        char j = 0;
..\My_Lib\matrix\matrix.c: 3 warnings, 0 errors
linking...
.\LED.axf: Error: L6218E: Undefined symbol Matrix_Init (referred from main.o).
Not enough information to list image symbols.
Finished: 1 information, 0 warning and 1 error messages.
".\LED.axf" - 1 Error(s), 9 Warning(s).
Target not created
